[2026-08-07T22:07:27.581Z] 初赛/2021-35-CChO-chusai/full.md: chunks=10 metaProblems=30
[2026-08-07T22:07:27.612Z] 初赛/2014-28-CChO-chusai/full.md: chunks=11 metaProblems=11
[2026-08-07T22:07:27.619Z] 初赛/2017-31-CChO-chusai/full.md: chunks=10 metaProblems=10
[2026-08-07T22:07:27.625Z] 决赛/2009-23-CChO-juesai/full.md: chunks=8 metaProblems=8
[2026-08-07T22:07:27.630Z] 决赛/2025年第39届全国中学生化学竞赛决赛实验试题 (1)/full.md: chunks=5 metaProblems=1
[2026-08-07T22:07:27.631Z] 初赛/2021-35-CChO-chusai-fujian/full.md: chunks=10 metaProblems=30
[2026-08-07T22:07:27.638Z] 初赛/2012-26-CChO-chusai/full.md: chunks=12 metaProblems=11
[2026-08-07T22:07:27.644Z] 初赛/2018-32-CChO-chusai/full.md: chunks=10 metaProblems=10
[2026-08-07T22:07:27.651Z] 决赛/2008-22-CChO-juesai/full.md: chunks=8 metaProblems=8
[2026-08-07T22:07:27.657Z] 初赛/2021-35-CChO-chusai-jiangsu/full.md: chunks=10 metaProblems=30
[2026-08-07T22:07:27.664Z] 初赛/2010-24-CChO-chusai/full.md: chunks=10 metaProblems=11
[2026-08-07T22:07:27.670Z] 初赛/2019-33-CChO-chusai/full.md: chunks=10 metaProblems=10
[2026-08-07T22:07:27.676Z] 决赛/2006-20-CChO-juesai/full.md: chunks=8 metaProblems=8
[2026-08-07T22:07:27.681Z] 决赛/2023-37-CChO-juesai-1/full.md: chunks=11 metaProblems=22
[2026-08-07T22:07:27.694Z] 初赛/2008-22-CChO-chusai/full.md: chunks=11 metaProblems=11
[2026-08-07T22:07:27.701Z] 决赛/2024年全国中学生化学竞赛决赛试题（第一场）/full.md: chunks=10 metaProblems=10
[2026-08-07T22:07:27.708Z] 决赛/2015-29-CChO-juesai/full.md: chunks=8 metaProblems=9
[2026-08-07T22:07:27.713Z] 决赛/2011-25-CChO-juesai/full.md: chunks=8 metaProblems=8
[2026-08-07T22:07:27.719Z] 决赛/2023-37-CChO-juesai-2/full.md: chunks=9 metaProblems=22
[2026-08-07T22:07:27.725Z] 初赛/2007-21-CChO-chusai/full.md: chunks=12 metaProblems=11
[2026-08-07T22:07:27.732Z] 决赛/2024年全国中学生化学竞赛决赛试题（第二场）/full.md: chunks=18 metaProblems=10
[2026-08-07T22:07:27.739Z] 初赛/2024-38-CChO-chusai/full.md: chunks=10 metaProblems=10
[2026-08-07T22:07:27.746Z] 决赛/2007-21-CChO-juesai/full.md: chunks=7 metaProblems=7
[2026-08-07T22:07:27.750Z] 初赛/2022-36-CChO-chusai-1/full.md: chunks=10 metaProblems=20
[2026-08-07T22:07:27.762Z] 决赛/2013-27-CChO-juesai/full.md: chunks=11 metaProblems=11
[2026-08-07T22:07:27.768Z] 初赛/2015-29-CChO-chusai/full.md: chunks=10 metaProblems=11
[2026-08-07T22:07:27.774Z] 初赛/2023-37-CChO-chusai/full.md: chunks=10 metaProblems=10
[2026-08-07T22:07:27.780Z] 决赛/2017-31-CChO-juesai/full.md: chunks=8 metaProblems=8
[2026-08-07T22:07:27.785Z] 初赛/2022-36-CChO-chusai-2/full.md: chunks=9 metaProblems=20
[2026-08-07T22:07:27.790Z] 初赛/2006-20-CChO-chusai/full.md: chunks=12 metaProblems=12
[2026-08-07T22:07:27.798Z] 决赛/2014-28-CChO-juesai/full.md: chunks=9 metaProblems=10
[2026-08-07T22:07:27.804Z] 初赛/2020-34-CChO-chusai/full.md: chunks=10 metaProblems=10
[2026-08-07T22:07:27.810Z] 决赛/2018-32-CChO-juesai/full.md: chunks=7 metaProblems=8
[2026-08-07T22:07:27.815Z] 决赛/2022-36-CChO-juesai-1/full.md: chunks=9 metaProblems=19
[2026-08-07T22:07:27.825Z] 决赛/2021-35-CChO-juesai-2/full.md: chunks=8 metaProblems=17
[2026-08-07T22:07:27.834Z] 初赛/2011-25-CChO-chusai/full.md: chunks=10 metaProblems=10
[2026-08-07T22:07:27.842Z] 初赛/2025-39-CChO-chusai/full.md: chunks=16 metaProblems=9
[2026-08-07T22:07:27.848Z] 决赛/2010-24-CChO-juesai/full.md: chunks=7 metaProblems=7
[2026-08-07T22:07:27.852Z] 决赛/2022-36-CChO-juesai-2/full.md: chunks=10 metaProblems=19
[2026-08-07T22:07:27.859Z] 决赛/2021-35-CChO-juesai-1/full.md: chunks=9 metaProblems=17
[2026-08-07T22:07:27.864Z] 初赛/2016-30-CChO-chusai/full.md: chunks=9 metaProblems=10
[2026-08-07T22:07:27.871Z] 初赛/2013-27-CChO-chusai/full.md: chunks=8 metaProblems=9
[2026-08-07T22:07:27.876Z] 决赛/2012-26-CChO-juesai/full.md: chunks=6 metaProblems=6
[2026-08-07T22:07:27.880Z] 决赛/2020-34-CChO-juesai-1/full.md: chunks=8 metaProblems=17
[2026-08-07T22:07:27.890Z] 决赛/2020-34-CChO-juesai-2/full.md: chunks=8 metaProblems=17
[2026-08-07T22:07:27.895Z] 初赛/2009-23-CChO-chusai/full.md: chunks=9 metaProblems=10
[2026-08-07T22:07:27.901Z] 决赛/2016-30-CChO-juesai/full.md: chunks=9 metaProblems=9
[2026-08-07T22:07:27.907Z] 决赛/2019-33-CChO-juesai/full.md: chunks=8 metaProblems=8
[2026-08-07T22:07:27.912Z] DONE written=447 fail=0 unmatched=4
